Archive member included to satisfy reference by file (symbol)

C:/ST/STM32CubeIDE_1.19.0/STM32CubeIDE/plugins/com.st.stm32cube.ide.mcu.externaltools.gnu-tools-for-stm32.13.3.rel1.win32_1.0.0.202411081344/tools/bin/../lib/gcc/arm-none-eabi/13.3.1/../../../../arm-none-eabi/lib/thumb/v6-m/nofp\libc_nano.a(libc_a-exit.o)
                              C:/ST/STM32CubeIDE_1.19.0/STM32CubeIDE/plugins/com.st.stm32cube.ide.mcu.externaltools.gnu-tools-for-stm32.13.3.rel1.win32_1.0.0.202411081344/tools/bin/../lib/gcc/arm-none-eabi/13.3.1/../../../../arm-none-eabi/lib/thumb/v6-m/nofp/crt0.o (exit)
C:/ST/STM32CubeIDE_1.19.0/STM32CubeIDE/plugins/com.st.stm32cube.ide.mcu.externaltools.gnu-tools-for-stm32.13.3.rel1.win32_1.0.0.202411081344/tools/bin/../lib/gcc/arm-none-eabi/13.3.1/../../../../arm-none-eabi/lib/thumb/v6-m/nofp\libc_nano.a(libc_a-findfp.o)
                              C:/ST/STM32CubeIDE_1.19.0/STM32CubeIDE/plugins/com.st.stm32cube.ide.mcu.externaltools.gnu-tools-for-stm32.13.3.rel1.win32_1.0.0.202411081344/tools/bin/../lib/gcc/arm-none-eabi/13.3.1/../../../../arm-none-eabi/lib/thumb/v6-m/nofp\libc_nano.a(libc_a-exit.o) (__stdio_exit_handler)
C:/ST/STM32CubeIDE_1.19.0/STM32CubeIDE/plugins/com.st.stm32cube.ide.mcu.externaltools.gnu-tools-for-stm32.13.3.rel1.win32_1.0.0.202411081344/tools/bin/../lib/gcc/arm-none-eabi/13.3.1/../../../../arm-none-eabi/lib/thumb/v6-m/nofp\libc_nano.a(libc_a-fwalk.o)
                              C:/ST/STM32CubeIDE_1.19.0/STM32CubeIDE/plugins/com.st.stm32cube.ide.mcu.externaltools.gnu-tools-for-stm32.13.3.rel1.win32_1.0.0.202411081344/tools/bin/../lib/gcc/arm-none-eabi/13.3.1/../../../../arm-none-eabi/lib/thumb/v6-m/nofp\libc_nano.a(libc_a-findfp.o) (_fwalk_sglue)
C:/ST/STM32CubeIDE_1.19.0/STM32CubeIDE/plugins/com.st.stm32cube.ide.mcu.externaltools.gnu-tools-for-stm32.13.3.rel1.win32_1.0.0.202411081344/tools/bin/../lib/gcc/arm-none-eabi/13.3.1/../../../../arm-none-eabi/lib/thumb/v6-m/nofp\libc_nano.a(libc_a-stdio.o)
                              C:/ST/STM32CubeIDE_1.19.0/STM32CubeIDE/plugins/com.st.stm32cube.ide.mcu.externaltools.gnu-tools-for-stm32.13.3.rel1.win32_1.0.0.202411081344/tools/bin/../lib/gcc/arm-none-eabi/13.3.1/../../../../arm-none-eabi/lib/thumb/v6-m/nofp\libc_nano.a(libc_a-findfp.o) (__sread)
C:/ST/STM32CubeIDE_1.19.0/STM32CubeIDE/plugins/com.st.stm32cube.ide.mcu.externaltools.gnu-tools-for-stm32.13.3.rel1.win32_1.0.0.202411081344/tools/bin/../lib/gcc/arm-none-eabi/13.3.1/../../../../arm-none-eabi/lib/thumb/v6-m/nofp\libc_nano.a(libc_a-memcmp.o)
                              ./Core/Src/main.o (memcmp)
C:/ST/STM32CubeIDE_1.19.0/STM32CubeIDE/plugins/com.st.stm32cube.ide.mcu.externaltools.gnu-tools-for-stm32.13.3.rel1.win32_1.0.0.202411081344/tools/bin/../lib/gcc/arm-none-eabi/13.3.1/../../../../arm-none-eabi/lib/thumb/v6-m/nofp\libc_nano.a(libc_a-memset.o)
                              C:/ST/STM32CubeIDE_1.19.0/STM32CubeIDE/plugins/com.st.stm32cube.ide.mcu.externaltools.gnu-tools-for-stm32.13.3.rel1.win32_1.0.0.202411081344/tools/bin/../lib/gcc/arm-none-eabi/13.3.1/../../../../arm-none-eabi/lib/thumb/v6-m/nofp/crt0.o (memset)
C:/ST/STM32CubeIDE_1.19.0/STM32CubeIDE/plugins/com.st.stm32cube.ide.mcu.externaltools.gnu-tools-for-stm32.13.3.rel1.win32_1.0.0.202411081344/tools/bin/../lib/gcc/arm-none-eabi/13.3.1/../../../../arm-none-eabi/lib/thumb/v6-m/nofp\libc_nano.a(libc_a-closer.o)
                              C:/ST/STM32CubeIDE_1.19.0/STM32CubeIDE/plugins/com.st.stm32cube.ide.mcu.externaltools.gnu-tools-for-stm32.13.3.rel1.win32_1.0.0.202411081344/tools/bin/../lib/gcc/arm-none-eabi/13.3.1/../../../../arm-none-eabi/lib/thumb/v6-m/nofp\libc_nano.a(libc_a-stdio.o) (_close_r)
C:/ST/STM32CubeIDE_1.19.0/STM32CubeIDE/plugins/com.st.stm32cube.ide.mcu.externaltools.gnu-tools-for-stm32.13.3.rel1.win32_1.0.0.202411081344/tools/bin/../lib/gcc/arm-none-eabi/13.3.1/../../../../arm-none-eabi/lib/thumb/v6-m/nofp\libc_nano.a(libc_a-reent.o)
                              C:/ST/STM32CubeIDE_1.19.0/STM32CubeIDE/plugins/com.st.stm32cube.ide.mcu.externaltools.gnu-tools-for-stm32.13.3.rel1.win32_1.0.0.202411081344/tools/bin/../lib/gcc/arm-none-eabi/13.3.1/../../../../arm-none-eabi/lib/thumb/v6-m/nofp\libc_nano.a(libc_a-closer.o) (errno)
C:/ST/STM32CubeIDE_1.19.0/STM32CubeIDE/plugins/com.st.stm32cube.ide.mcu.externaltools.gnu-tools-for-stm32.13.3.rel1.win32_1.0.0.202411081344/tools/bin/../lib/gcc/arm-none-eabi/13.3.1/../../../../arm-none-eabi/lib/thumb/v6-m/nofp\libc_nano.a(libc_a-impure.o)
                              C:/ST/STM32CubeIDE_1.19.0/STM32CubeIDE/plugins/com.st.stm32cube.ide.mcu.externaltools.gnu-tools-for-stm32.13.3.rel1.win32_1.0.0.202411081344/tools/bin/../lib/gcc/arm-none-eabi/13.3.1/../../../../arm-none-eabi/lib/thumb/v6-m/nofp\libc_nano.a(libc_a-reent.o) (_impure_ptr)
[...]
Memory Configuration

Name             Origin             Length             Attributes
RAM              0x20000000         0x00002000         xrw
FLASH            0x08000000         0x00004000         xr
*default*        0x00000000         0xffffffff

Linker script and memory map

LOAD C:/ST/STM32CubeIDE_1.19.0/STM32CubeIDE/plugins/com.st.stm32cube.ide.mcu.externaltools.gnu-tools-for-stm32.13.3.rel1.win32_1.0.0.202411081344/tools/bin/../lib/gcc/arm-none-eabi/13.3.1/thumb/v6-m/nofp/crti.o
LOAD C:/ST/STM32CubeIDE_1.19.0/STM32CubeIDE/plugins/com.st.stm32cube.ide.mcu.externaltools.gnu-tools-for-stm32.13.3.rel1.win32_1.0.0.202411081344/tools/bin/../lib/gcc/arm-none-eabi/13.3.1/thumb/v6-m/nofp/crtbegin.o
LOAD C:/ST/STM32CubeIDE_1.19.0/STM32CubeIDE/plugins/com.st.stm32cube.ide.mcu.externaltools.gnu-tools-for-stm32.13.3.rel1.win32_1.0.0.202411081344/tools/bin/../lib/gcc/arm-none-eabi/13.3.1/../../../../arm-none-eabi/lib/thumb/v6-m/nofp/crt0.o
LOAD ./Core/Src/main.o
LOAD ./Core/Src/stm32g0xx_it.o
LOAD ./Core/Src/syscalls.o
LOAD ./Core/Src/sysmem.o
LOAD ./Core/Src/system_stm32g0xx.o
LOAD ./Core/Startup/startup_stm32g030c8tx.o
LOAD ./Drivers/STM32G0xx_HAL_Driver/Src/stm32g0xx_ll_dma.o
LOAD ./Drivers/STM32G0xx_HAL_Driver/Src/stm32g0xx_ll_exti.o
LOAD ./Drivers/STM32G0xx_HAL_Driver/Src/stm32g0xx_ll_gpio.o
LOAD ./Drivers/STM32G0xx_HAL_Driver/Src/stm32g0xx_ll_i2c.o
LOAD ./Drivers/STM32G0xx_HAL_Driver/Src/stm32g0xx_ll_pwr.o
LOAD ./Drivers/STM32G0xx_HAL_Driver/Src/stm32g0xx_ll_rcc.o
LOAD ./Drivers/STM32G0xx_HAL_Driver/Src/stm32g0xx_ll_usart.o
LOAD ./Drivers/STM32G0xx_HAL_Driver/Src/stm32g0xx_ll_utils.o
LOAD ./ssd1306_LL/ssd1306_ll.o
LOAD ./tiny-aes/aes.o
LOAD ./tiny-sha256/sha256.o
START GROUP
LOAD C:/ST/STM32CubeIDE_1.19.0/STM32CubeIDE/plugins/com.st.stm32cube.ide.mcu.externaltools.gnu-tools-for-stm32.13.3.rel1.win32_1.0.0.202411081344/tools/bin/../lib/gcc/arm-none-eabi/13.3.1/../../../../arm-none-eabi/lib/thumb/v6-m/nofp\libc_nano.a
LOAD C:/ST/STM32CubeIDE_1.19.0/STM32CubeIDE/plugins/com.st.stm32cube.ide.mcu.externaltools.gnu-tools-for-stm32.13.3.rel1.win32_1.0.0.202411081344/tools/bin/../lib/gcc/arm-none-eabi/13.3.1/../../../../arm-none-eabi/lib/thumb/v6-m/nofp\libm.a
END GROUP
START GROUP
LOAD C:/ST/STM32CubeIDE_1.19.0/STM32CubeIDE/plugins/com.st.stm32cube.ide.mcu.externaltools.gnu-tools-for-stm32.13.3.rel1.win32_1.0.0.202411081344/tools/bin/../lib/gcc/arm-none-eabi/13.3.1/thumb/v6-m/nofp\libgcc.a
LOAD C:/ST/STM32CubeIDE_1.19.0/STM32CubeIDE/plugins/com.st.stm32cube.ide.mcu.externaltools.gnu-tools-for-stm32.13.3.rel1.win32_1.0.0.202411081344/tools/bin/../lib/gcc/arm-none-eabi/13.3.1/../../../../arm-none-eabi/lib/thumb/v6-m/nofp\libc_nano.a
END GROUP
START GROUP
LOAD C:/ST/STM32CubeIDE_1.19.0/STM32CubeIDE/plugins/com.st.stm32cube.ide.mcu.externaltools.gnu-tools-for-stm32.13.3.rel1.win32_1.0.0.202411081344/tools/bin/../lib/gcc/arm-none-eabi/13.3.1/thumb/v6-m/nofp\libgcc.a
LOAD C:/ST/STM32CubeIDE_1.19.0/STM32CubeIDE/plugins/com.st.stm32cube.ide.mcu.externaltools.gnu-tools-for-stm32.13.3.rel1.win32_1.0.0.202411081344/tools/bin/../lib/gcc/arm-none-eabi/13.3.1/../../../../arm-none-eabi/lib/thumb/v6-m/nofp\libc_nano.a
LOAD C:/ST/STM32CubeIDE_1.19.0/STM32CubeIDE/plugins/com.st.stm32cube.ide.mcu.externaltools.gnu-tools-for-stm32.13.3.rel1.win32_1.0.0.202411081344/tools/bin/../lib/gcc/arm-none-eabi/13.3.1/../../../../arm-none-eabi/lib/thumb/v6-m/nofp\libnosys.a
END GROUP
START GROUP
LOAD C:/ST/STM32CubeIDE_1.19.0/STM32CubeIDE/plugins/com.st.stm32cube.ide.mcu.externaltools.gnu-tools-for-stm32.13.3.rel1.win32_1.0.0.202411081344/tools/bin/../lib/gcc/arm-none-eabi/13.3.1/thumb/v6-m/nofp\libgcc.a
LOAD C:/ST/STM32CubeIDE_1.19.0/STM32CubeIDE/plugins/com.st.stm32cube.ide.mcu.externaltools.gnu-tools-for-stm32.13.3.rel1.win32_1.0.0.202411081344/tools/bin/../lib/gcc/arm-none-eabi/13.3.1/../../../../arm-none-eabi/lib/thumb/v6-m/nofp\libc_nano.a
LOAD C:/ST/STM32CubeIDE_1.19.0/STM32CubeIDE/plugins/com.st.stm32cube.ide.mcu.externaltools.gnu-tools-for-stm32.13.3.rel1.win32_1.0.0.202411081344/tools/bin/../lib/gcc/arm-none-eabi/13.3.1/../../../../arm-none-eabi/lib/thumb/v6-m/nofp\libnosys.a
END GROUP
LOAD C:/ST/STM32CubeIDE_1.19.0/STM32CubeIDE/plugins/com.st.stm32cube.ide.mcu.externaltools.gnu-tools-for-stm32.13.3.rel1.win32_1.0.0.202411081344/tools/bin/../lib/gcc/arm-none-eabi/13.3.1/thumb/v6-m/nofp/crtend.o
LOAD C:/ST/STM32CubeIDE_1.19.0/STM32CubeIDE/plugins/com.st.stm32cube.ide.mcu.externaltools.gnu-tools-for-stm32.13.3.rel1.win32_1.0.0.202411081344/tools/bin/../lib/gcc/arm-none-eabi/13.3.1/thumb/v6-m/nofp/crtn.o
                0x20002000                        _estack = (ORIGIN (RAM) + LENGTH (RAM))
                0x00000200                        _Min_Heap_Size = 0x200
                0x00000400                        _Min_Stack_Size = 0x400

.isr_vector     0x08000000       0xb8
                0x08000000                        . = ALIGN (0x4)
 *(.isr_vector)
 .isr_vector    0x08000000       0xb8 ./Core/Startup/startup_stm32g030c8tx.o
                0x08000000                g_pfnVectors
                0x080000b8                        . = ALIGN (0x4)

.text           0x080000b8     0x29dc
                0x080000b8                        . = ALIGN (0x4)
 *(.text)
 .text          0x080000b8       0x48 C:/ST/STM32CubeIDE_1.19.0/STM32CubeIDE/plugins/com.st.stm32cube.ide.mcu.externaltools.gnu-tools-for-stm32.13.3.rel1.win32_1.0.0.202411081344/tools/bin/../lib/gcc/arm-none-eabi/13.3.1/thumb/v6-m/nofp/crtbegin.o
 .text          0x08000100      0x114 C:/ST/STM32CubeIDE_1.19.0/STM32CubeIDE/plugins/com.st.stm32cube.ide.mcu.externaltools.gnu-tools-for-stm32.13.3.rel1.win32_1.0.0.202411081344/tools/bin/../lib/gcc/arm-none-eabi/13.3.1/thumb/v6-m/nofp\libgcc.a(_udivsi3.o)
                0x08000100                __aeabi_uidiv
                0x08000100                __udivsi3
                0x0800020c                __aeabi_uidivmod
 .text          0x08000214      0x1d4 C:/ST/STM32CubeIDE_1.19.0/STM32CubeIDE/plugins/com.st.stm32cube.ide.mcu.externaltools.gnu-tools-for-stm32.13.3.rel1.win32_1.0.0.202411081344/tools/bin/../lib/gcc/arm-none-eabi/13.3.1/thumb/v6-m/nofp\libgcc.a(_divsi3.o)
                0x08000214                __divsi3
                0x08000214                __aeabi_idiv
                0x080003e0                __aeabi_idivmod
 .text          0x080003e8        0x4 C:/ST/STM32CubeIDE_1.19.0/STM32CubeIDE/plugins/com.st.stm32cube.ide.mcu.externaltools.gnu-tools-for-stm32.13.3.rel1.win32_1.0.0.202411081344/tools/bin/../lib/gcc/arm-none-eabi/13.3.1/thumb/v6-m/nofp\libgcc.a(_dvmd_tls.o)
                0x080003e8                __aeabi_idiv0
                0x080003e8                __aeabi_ldiv0
 *(.text*)
 .text.__NVIC_EnableIRQ
                0x080003ec       0x34 ./Core/Src/main.o
 .text.__NVIC_SetPriority
                0x08000420       0xdc ./Core/Src/main.o
 .text.__NVIC_SystemReset
                0x080004fc       0x24 ./Core/Src/main.o
 .text.LL_I2C_EnableClockStretching
                0x08000520       0x20 ./Core/Src/main.o
 .text.LL_I2C_DisableGeneralCall
                0x08000540       0x20 ./Core/Src/main.o
 .text.LL_I2C_SetOwnAddress2
                0x08000560       0x2c ./Core/Src/main.o
 .text.LL_I2C_DisableOwnAddress2
                0x0800058c       0x20 ./Core/Src/main.o
 .text.LL_I2C_EnableAutoEndMode
                0x080005ac       0x1e ./Core/Src/main.o
 *fill*         0x080005ca        0x2 
 .text.LL_RCC_HSI_Enable
                0x080005cc       0x1c ./Core/Src/main.o
 .text.LL_RCC_HSI_IsReady
                0x080005e8       0x28 ./Core/Src/main.o
 .text.LL_RCC_SetSysClkSource
                0x08000610       0x28 ./Core/Src/main.o
 .text.LL_RCC_GetSysClkSource
                0x08000638       0x18 ./Core/Src/main.o
 .text.LL_RCC_SetAHBPrescaler
                0x08000650       0x2c ./Core/Src/main.o
 .text.LL_RCC_SetAPB1Prescaler
                0x0800067c       0x2c ./Core/Src/main.o
 .text.LL_RCC_SetUSARTClockSource
                0x080006a8       0x30 ./Core/Src/main.o
 .text.LL_RCC_SetI2CClockSource
                0x080006d8       0x30 ./Core/Src/main.o
 .text.LL_RCC_PLL_Enable
                0x08000708       0x1c ./Core/Src/main.o
 .text.LL_RCC_PLL_IsReady
                0x08000724       0x28 ./Core/Src/main.o
 .text.LL_RCC_PLL_ConfigDomain_SYS
                0x0800074c       0x40 ./Core/Src/main.o
 .text.LL_RCC_PLL_EnableDomain_SYS
                0x0800078c       0x1c ./Core/Src/main.o
 .text.LL_APB1_GRP1_EnableClock
                0x080007a8       0x2c ./Core/Src/main.o
 .text.LL_APB2_GRP1_EnableClock
                0x080007d4       0x2c ./Core/Src/main.o
 .text.LL_IOP_GRP1_EnableClock
                0x08000800       0x2c ./Core/Src/main.o
 .text.LL_FLASH_SetLatency
                0x0800082c       0x28 ./Core/Src/main.o
 .text.LL_FLASH_GetLatency
                0x08000854       0x18 ./Core/Src/main.o
 .text.LL_USART_Enable
                0x0800086c       0x1c ./Core/Src/main.o
 .text.LL_USART_DisableFIFO
                0x08000888       0x20 ./Core/Src/main.o
 .text.LL_USART_SetTXFIFOThreshold
                0x080008a8       0x46 ./Core/Src/main.o
 *fill*         0x080008ee        0x2 
 .text.LL_USART_SetRXFIFOThreshold
                0x080008f0       0x4c ./Core/Src/main.o
 .text.LL_USART_ConfigAsyncMode
                0x0800093c       0x30 ./Core/Src/main.o
 .text.LL_USART_IsActiveFlag_RXNE_RXFNE
                0x0800096c       0x22 ./Core/Src/main.o
 .text.LL_USART_IsActiveFlag_TC
                0x0800098e       0x22 ./Core/Src/main.o
 .text.LL_USART_IsActiveFlag_TEACK
                0x080009b0       0x28 ./Core/Src/main.o
 .text.LL_USART_IsActiveFlag_REACK
                0x080009d8       0x28 ./Core/Src/main.o
 .text.LL_USART_ReceiveData8
                0x08000a00       0x16 ./Core/Src/main.o
 .text.LL_USART_TransmitData8
                0x08000a16       0x1e ./Core/Src/main.o
 .text.LL_GPIO_SetOutputPin
                0x08000a34       0x18 ./Core/Src/main.o
 .text.LL_GPIO_ResetOutputPin
                0x08000a4c       0x18 ./Core/Src/main.o
 .text.LL_GPIO_TogglePin
                0x08000a64       0x2e ./Core/Src/main.o
 *fill*         0x08000a92        0x2 
 .text.main     0x08000a94      0x1e0 ./Core/Src/main.o
                0x08000a94                main
 .text.SystemClock_Config
                0x08000c74       0x80 ./Core/Src/main.o
                0x08000c74                SystemClock_Config
 .text.MX_I2C1_Init
                0x08000cf4      0x118 ./Core/Src/main.o
 .text.MX_USART1_UART_Init
                0x08000e0c      0x13c ./Core/Src/main.o
 .text.MX_USART2_UART_Init
                0x08000f48      0x120 ./Core/Src/main.o
 .text.MX_GPIO_Init
                0x08001068       0xd4 ./Core/Src/main.o
 .text.BL_ListenForUpdate
                0x0800113c       0x9c ./Core/Src/main.o
                0x0800113c                BL_ListenForUpdate
 .text.BL_ProcessSecureCommands
                0x080011d8      0x1e4 ./Core/Src/main.o
                0x080011d8                BL_ProcessSecureCommands
 .text.BL_UI_UpdateStatus
                0x080013bc       0x44 ./Core/Src/main.o
                0x080013bc                BL_UI_UpdateStatus
 .text.BL_JumpToApplication
                0x08001400       0xc0 ./Core/Src/main.o
                0x08001400                BL_JumpToApplication
 .text.BL_Flash_Unlock
                0x080014c0       0x2c ./Core/Src/main.o
                0x080014c0                BL_Flash_Unlock
 .text.BL_Flash_Lock
                0x080014ec       0x1c ./Core/Src/main.o
                0x080014ec                BL_Flash_Lock
 .text.BL_Flash_ErasePage
                0x08001508       0xc4 ./Core/Src/main.o
                0x08001508                BL_Flash_ErasePage
 .text.BL_Flash_Write
                0x080015cc       0xb0 ./Core/Src/main.o
                0x080015cc                BL_Flash_Write
 .text.BL_Security_VerifyVersion
                0x0800167c       0x38 ./Core/Src/main.o
                0x0800167c                BL_Security_VerifyVersion
 .text.BL_UART_ReceiveByte
                0x080016b4       0x28 ./Core/Src/main.o
                0x080016b4                BL_UART_ReceiveByte
 .text.BL_UART_ReceiveArray
                0x080016dc       0x4c ./Core/Src/main.o
                0x080016dc                BL_UART_ReceiveArray
 .text.BL_UART_SendByte
                0x08001728       0x38 ./Core/Src/main.o
                0x08001728                BL_UART_SendByte
 .text.BL_Firmware_Activate
                0x08001760      0x1d0 ./Core/Src/main.o
                0x08001760                BL_Firmware_Activate
 .text.BL_CalculateCRC32_Soft
                0x08001930       0x70 ./Core/Src/main.o
                0x08001930                BL_CalculateCRC32_Soft
 .text.NMI_Handler
                0x080019a0        0x8 ./Core/Src/stm32g0xx_it.o
                0x080019a0                NMI_Handler
 .text.HardFault_Handler
                0x080019a8        0x8 ./Core/Src/stm32g0xx_it.o
                0x080019a8                HardFault_Handler
 .text.SVC_Handler
                0x080019b0        0xa ./Core/Src/stm32g0xx_it.o
                0x080019b0                SVC_Handler
 .text.PendSV_Handler
                0x080019ba        0xa ./Core/Src/stm32g0xx_it.o
                0x080019ba                PendSV_Handler
 .text.SysTick_Handler
                0x080019c4        0xa ./Core/Src/stm32g0xx_it.o
                0x080019c4                SysTick_Handler
 .text.USART2_IRQHandler
                0x080019ce        0xa ./Core/Src/stm32g0xx_it.o
                0x080019ce                USART2_IRQHandler
 .text.SystemInit
                0x080019d8        0xa ./Core/Src/system_stm32g0xx.o
                0x080019d8                SystemInit
 *fill*         0x080019e2        0x2 
 .text.Reset_Handler
                0x080019e4       0x50 ./Core/Startup/startup_stm32g030c8tx.o
                0x080019e4                Reset_Handler
 .text.Default_Handler
                0x08001a34        0x2 ./Core/Startup/startup_stm32g030c8tx.o
                0x08001a34                TIM1_CC_IRQHandler
                0x08001a34                I2C1_IRQHandler
                0x08001a34                RTC_TAMP_IRQHandler
                0x08001a34                SPI1_IRQHandler
                0x08001a34                DMA1_Ch4_5_DMAMUX1_OVR_IRQHandler
                0x08001a34                EXTI2_3_IRQHandler
                0x08001a34                ADC1_IRQHandler
                0x08001a34                I2C2_IRQHandler
                0x08001a34                TIM17_IRQHandler
                0x08001a34                TIM16_IRQHandler
                0x08001a34                TIM3_IRQHandler
                0x08001a34                EXTI4_15_IRQHandler
                0x08001a34                RCC_IRQHandler
                0x08001a34                DMA1_Channel1_IRQHandler
                0x08001a34                Default_Handler
                0x08001a34                TIM14_IRQHandler
                0x08001a34                EXTI0_1_IRQHandler
                0x08001a34                SPI2_IRQHandler
                0x08001a34                WWDG_IRQHandler
                0x08001a34                DMA1_Channel2_3_IRQHandler
                0x08001a34                FLASH_IRQHandler
                0x08001a34                USART1_IRQHandler
                0x08001a34                TIM1_BRK_UP_TRG_COM_IRQHandler
 .text.LL_GPIO_SetPinMode
                0x08001a36       0x38 ./Drivers/STM32G0xx_HAL_Driver/Src/stm32g0xx_ll_gpio.o
 .text.LL_GPIO_SetPinOutputType
                0x08001a6e       0x2a ./Drivers/STM32G0xx_HAL_Driver/Src/stm32g0xx_ll_gpio.o
 .text.LL_GPIO_SetPinSpeed
                0x08001a98       0x38 ./Drivers/STM32G0xx_HAL_Driver/Src/stm32g0xx_ll_gpio.o
 .text.LL_GPIO_SetPinPull
                0x08001ad0       0x38 ./Drivers/STM32G0xx_HAL_Driver/Src/stm32g0xx_ll_gpio.o
 .text.LL_GPIO_SetAFPin_0_7
                0x08001b08       0x46 ./Drivers/STM32G0xx_HAL_Driver/Src/stm32g0xx_ll_gpio.o
 .text.LL_GPIO_SetAFPin_8_15
                0x08001b4e       0x5a ./Drivers/STM32G0xx_HAL_Driver/Src/stm32g0xx_ll_gpio.o
 .text.LL_GPIO_Init
                0x08001ba8       0xb6 ./Drivers/STM32G0xx_HAL_Driver/Src/stm32g0xx_ll_gpio.o
                0x08001ba8                LL_GPIO_Init
 .text.LL_I2C_Enable
                0x08001c5e       0x1c ./Drivers/STM32G0xx_HAL_Driver/Src/stm32g0xx_ll_i2c.o
 .text.LL_I2C_Disable
                0x08001c7a       0x1e ./Drivers/STM32G0xx_HAL_Driver/Src/stm32g0xx_ll_i2c.o
 .text.LL_I2C_ConfigFilters
                0x08001c98       0x30 ./Drivers/STM32G0xx_HAL_Driver/Src/stm32g0xx_ll_i2c.o
 .text.LL_I2C_SetOwnAddress1
                0x08001cc8       0x28 ./Drivers/STM32G0xx_HAL_Driver/Src/stm32g0xx_ll_i2c.o
 .text.LL_I2C_EnableOwnAddress1
                0x08001cf0       0x1e ./Drivers/STM32G0xx_HAL_Driver/Src/stm32g0xx_ll_i2c.o
 *fill*         0x08001d0e        0x2 
 .text.LL_I2C_DisableOwnAddress1
                0x08001d10       0x20 ./Drivers/STM32G0xx_HAL_Driver/Src/stm32g0xx_ll_i2c.o
 .text.LL_I2C_SetTiming
                0x08001d30       0x18 ./Drivers/STM32G0xx_HAL_Driver/Src/stm32g0xx_ll_i2c.o
 .text.LL_I2C_SetMode
                0x08001d48       0x28 ./Drivers/STM32G0xx_HAL_Driver/Src/stm32g0xx_ll_i2c.o
 .text.LL_I2C_AcknowledgeNextData
                0x08001d70       0x28 ./Drivers/STM32G0xx_HAL_Driver/Src/stm32g0xx_ll_i2c.o
 .text.LL_I2C_Init
                0x08001d98       0x86 ./Drivers/STM32G0xx_HAL_Driver/Src/stm32g0xx_ll_i2c.o
                0x08001d98                LL_I2C_Init
 *fill*         0x08001e1e        0x2 
 .text.LL_RCC_HSI_IsReady
                0x08001e20       0x28 ./Drivers/STM32G0xx_HAL_Driver/Src/stm32g0xx_ll_rcc.o
 .text.LL_RCC_LSE_IsReady
                0x08001e48       0x20 ./Drivers/STM32G0xx_HAL_Driver/Src/stm32g0xx_ll_rcc.o
 .text.LL_RCC_GetSysClkSource
                0x08001e68       0x18 ./Drivers/STM32G0xx_HAL_Driver/Src/stm32g0xx_ll_rcc.o
 .text.LL_RCC_GetAHBPrescaler
                0x08001e80       0x18 ./Drivers/STM32G0xx_HAL_Driver/Src/stm32g0xx_ll_rcc.o
 .text.LL_RCC_GetAPB1Prescaler
                0x08001e98       0x18 ./Drivers/STM32G0xx_HAL_Driver/Src/stm32g0xx_ll_rcc.o
 .text.LL_RCC_GetUSARTClockSource
                0x08001eb0       0x24 ./Drivers/STM32G0xx_HAL_Driver/Src/stm32g0xx_ll_rcc.o
 .text.LL_RCC_PLL_GetN
                0x08001ed4       0x18 ./Drivers/STM32G0xx_HAL_Driver/Src/stm32g0xx_ll_rcc.o
 .text.LL_RCC_PLL_GetR
                0x08001eec       0x18 ./Drivers/STM32G0xx_HAL_Driver/Src/stm32g0xx_ll_rcc.o
 .text.LL_RCC_PLL_GetMainSource
                0x08001f04       0x18 ./Drivers/STM32G0xx_HAL_Driver/Src/stm32g0xx_ll_rcc.o
 .text.LL_RCC_PLL_GetDivider
                0x08001f1c       0x18 ./Drivers/STM32G0xx_HAL_Driver/Src/stm32g0xx_ll_rcc.o
 .text.LL_RCC_GetSystemClocksFreq
                0x08001f34       0x3a ./Drivers/STM32G0xx_HAL_Driver/Src/stm32g0xx_ll_rcc.o
                0x08001f34                LL_RCC_GetSystemClocksFreq
 *fill*         0x08001f6e        0x2 
 .text.LL_RCC_GetUSARTClockFreq
                0x08001f70       0x9c ./Drivers/STM32G0xx_HAL_Driver/Src/stm32g0xx_ll_rcc.o
                0x08001f70                LL_RCC_GetUSARTClockFreq
 .text.RCC_GetSystemClockFreq
                0x0800200c       0x5c ./Drivers/STM32G0xx_HAL_Driver/Src/stm32g0xx_ll_rcc.o
 .text.RCC_GetHCLKClockFreq
                0x08002068       0x30 ./Drivers/STM32G0xx_HAL_Driver/Src/stm32g0xx_ll_rcc.o
 .text.RCC_GetPCLK1ClockFreq
                0x08002098       0x2c ./Drivers/STM32G0xx_HAL_Driver/Src/stm32g0xx_ll_rcc.o
 .text.RCC_PLL_GetFreqDomain_SYS
                0x080020c4       0x74 ./Drivers/STM32G0xx_HAL_Driver/Src/stm32g0xx_ll_rcc.o
 .text.LL_USART_IsEnabled
                0x08002138       0x22 ./Drivers/STM32G0xx_HAL_Driver/Src/stm32g0xx_ll_usart.o
 .text.LL_USART_SetPrescaler
                0x0800215a       0x24 ./Drivers/STM32G0xx_HAL_Driver/Src/stm32g0xx_ll_usart.o
 *fill*         0x0800217e        0x2 
 .text.LL_USART_SetStopBitsLength
                0x08002180       0x28 ./Drivers/STM32G0xx_HAL_Driver/Src/stm32g0xx_ll_usart.o
 .text.LL_USART_SetHWFlowCtrl
                0x080021a8       0x28 ./Drivers/STM32G0xx_HAL_Driver/Src/stm32g0xx_ll_usart.o
 .text.LL_USART_SetBaudRate
                0x080021d0       0xb4 ./Drivers/STM32G0xx_HAL_Driver/Src/stm32g0xx_ll_usart.o
 .text.LL_USART_Init
                0x08002284       0xe4 ./Drivers/STM32G0xx_HAL_Driver/Src/stm32g0xx_ll_usart.o
                0x08002284                LL_USART_Init
 .text.LL_InitTick
                0x08002368       0x34 ./Drivers/STM32G0xx_HAL_Driver/Src/stm32g0xx_ll_utils.o
 .text.LL_Init1msTick
                0x0800239c       0x1e ./Drivers/STM32G0xx_HAL_Driver/Src/stm32g0xx_ll_utils.o
                0x0800239c                LL_Init1msTick
 *fill*         0x080023ba        0x2 
 .text.LL_mDelay
                0x080023bc       0x48 ./Drivers/STM32G0xx_HAL_Driver/Src/stm32g0xx_ll_utils.o
                0x080023bc                LL_mDelay
 .text.LL_SetSystemCoreClock
                0x08002404       0x1c ./Drivers/STM32G0xx_HAL_Driver/Src/stm32g0xx_ll_utils.o
                0x08002404                LL_SetSystemCoreClock
 .text.LL_I2C_IsActiveFlag_TXIS
                0x08002420       0x22 ./ssd1306_LL/ssd1306_ll.o
 .text.LL_I2C_IsActiveFlag_STOP
                0x08002442       0x22 ./ssd1306_LL/ssd1306_ll.o
 .text.LL_I2C_ClearFlag_STOP
                0x08002464       0x1c ./ssd1306_LL/ssd1306_ll.o
 .text.LL_I2C_HandleTransfer
                0x08002480       0x64 ./ssd1306_LL/ssd1306_ll.o
 .text.LL_I2C_TransmitData8
                0x080024e4       0x1e ./ssd1306_LL/ssd1306_ll.o
 *fill*         0x08002502        0x2 
 .text.I2C_Write
                0x08002504       0xbc ./ssd1306_LL/ssd1306_ll.o
 .text.WriteCmd
                0x080025c0       0x20 ./ssd1306_LL/ssd1306_ll.o
 .text.SSD1306_Init
                0x080025e0       0xba ./ssd1306_LL/ssd1306_ll.o
                0x080025e0                SSD1306_Init
 *fill*         0x0800269a        0x2 
 .text.SSD1306_Clear
                0x0800269c       0x1c ./ssd1306_LL/ssd1306_ll.o
                0x0800269c                SSD1306_Clear
 .text.SSD1306_UpdateScreen
                0x080026b8       0x5c ./ssd1306_LL/ssd1306_ll.o
                0x080026b8                SSD1306_UpdateScreen
 .text.SSD1306_DrawPixel
                0x08002714       0xc4 ./ssd1306_LL/ssd1306_ll.o
                0x08002714                SSD1306_DrawPixel
 .text.SSD1306_DrawChar
                0x080027d8       0xdc ./ssd1306_LL/ssd1306_ll.o
                0x080027d8                SSD1306_DrawChar
 .text.SSD1306_WriteString
                0x080028b4       0x54 ./ssd1306_LL/ssd1306_ll.o
                0x080028b4                SSD1306_WriteString
 .text.SSD1306_DrawProgressBar
                0x08002908      0x11a ./ssd1306_LL/ssd1306_ll.o
                0x08002908                SSD1306_DrawProgressBar
 .text.memset   0x08002a22       0x10 C:/ST/STM32CubeIDE_1.19.0/STM32CubeIDE/plugins/com.st.stm32cube.ide.mcu.externaltools.gnu-tools-for-stm32.13.3.rel1.win32_1.0.0.202411081344/tools/bin/../lib/gcc/arm-none-eabi/13.3.1/../../../../arm-none-eabi/lib/thumb/v6-m/nofp\libc_nano.a(libc_a-memset.o)
                0x08002a22                memset
 *fill*         0x08002a32        0x2 
 .text.__libc_init_array
                0x08002a34       0x48 C:/ST/STM32CubeIDE_1.19.0/STM32CubeIDE/plugins/com.st.stm32cube.ide.mcu.externaltools.gnu-tools-for-stm32.13.3.rel1.win32_1.0.0.202411081344/tools/bin/../lib/gcc/arm-none-eabi/13.3.1/../../../../arm-none-eabi/lib/thumb/v6-m/nofp\libc_nano.a(libc_a-init.o)
                0x08002a34                __libc_init_array
 *(.glue_7)
 .glue_7        0x08002a7c        0x0 linker stubs
 *(.glue_7t)
 .glue_7t       0x08002a7c        0x0 linker stubs
 *(.eh_frame)
 .eh_frame      0x08002a7c        0x0 C:/ST/STM32CubeIDE_1.19.0/STM32CubeIDE/plugins/com.st.stm32cube.ide.mcu.externaltools.gnu-tools-for-stm32.13.3.rel1.win32_1.0.0.202411081344/tools/bin/../lib/gcc/arm-none-eabi/13.3.1/thumb/v6-m/nofp/crtbegin.o
 *(.init)
 .init          0x08002a7c        0x4 C:/ST/STM32CubeIDE_1.19.0/STM32CubeIDE/plugins/com.st.stm32cube.ide.mcu.externaltools.gnu-tools-for-stm32.13.3.rel1.win32_1.0.0.202411081344/tools/bin/../lib/gcc/arm-none-eabi/13.3.1/thumb/v6-m/nofp/crti.o
                0x08002a7c                _init
 .init          0x08002a80        0x8 C:/ST/STM32CubeIDE_1.19.0/STM32CubeIDE/plugins/com.st.stm32cube.ide.mcu.externaltools.gnu-tools-for-stm32.13.3.rel1.win32_1.0.0.202411081344/tools/bin/../lib/gcc/arm-none-eabi/13.3.1/thumb/v6-m/nofp/crtn.o
 *(.fini)
 .fini          0x08002a88        0x4 C:/ST/STM32CubeIDE_1.19.0/STM32CubeIDE/plugins/com.st.stm32cube.ide.mcu.externaltools.gnu-tools-for-stm32.13.3.rel1.win32_1.0.0.202411081344/tools/bin/../lib/gcc/arm-none-eabi/13.3.1/thumb/v6-m/nofp/crti.o
                0x08002a88                _fini
 .fini          0x08002a8c        0x8 C:/ST/STM32CubeIDE_1.19.0/STM32CubeIDE/plugins/com.st.stm32cube.ide.mcu.externaltools.gnu-tools-for-stm32.13.3.rel1.win32_1.0.0.202411081344/tools/bin/../lib/gcc/arm-none-eabi/13.3.1/thumb/v6-m/nofp/crtn.o
                0x08002a94                        . = ALIGN (0x4)
                0x08002a94                        _etext = .

.vfp11_veneer   0x08002a94        0x0
 .vfp11_veneer  0x08002a94        0x0 linker stubs

.v4_bx          0x08002a94        0x0
 .v4_bx         0x08002a94        0x0 linker stubs

.iplt           0x08002a94        0x0
 .iplt          0x08002a94        0x0 C:/ST/STM32CubeIDE_1.19.0/STM32CubeIDE/plugins/com.st.stm32cube.ide.mcu.externaltools.gnu-tools-for-stm32.13.3.rel1.win32_1.0.0.202411081344/tools/bin/../lib/gcc/arm-none-eabi/13.3.1/thumb/v6-m/nofp/crtbegin.o

.rodata         0x08002a94      0x2cc
                0x08002a94                        . = ALIGN (0x4)
 *(.rodata)
 .rodata        0x08002a94      0x113 ./Core/Src/main.o
 *(.rodata*)
 *fill*         0x08002ba7        0x1 
 .rodata.AHBPrescTable
                0x08002ba8       0x40 ./Core/Src/system_stm32g0xx.o
                0x08002ba8                AHBPrescTable
 .rodata.APBPrescTable
                0x08002be8       0x20 ./Core/Src/system_stm32g0xx.o
                0x08002be8                APBPrescTable
 .rodata.USART_PRESCALER_TAB
                0x08002c08       0x30 ./Drivers/STM32G0xx_HAL_Driver/Src/stm32g0xx_ll_usart.o
 .rodata.Font5x7
                0x08002c38      0x127 ./ssd1306_LL/ssd1306_ll.o
                0x08002c38                Font5x7
                0x08002d60                        . = ALIGN (0x4)
 *fill*         0x08002d5f        0x1 

.ARM.extab      0x08002d60        0x0
                0x08002d60                        . = ALIGN (0x4)
 *(.ARM.extab* .gnu.linkonce.armextab.*)
                0x08002d60                        . = ALIGN (0x4)

.ARM            0x08002d60        0x0
                0x08002d60                        . = ALIGN (0x4)
                0x08002d60                        __exidx_start = .
 *(.ARM.exidx*)
                0x08002d60                        __exidx_end = .
                0x08002d60                        . = ALIGN (0x4)

.preinit_array  0x08002d60        0x0
                0x08002d60                        . = ALIGN (0x4)
                0x08002d60                        PROVIDE (__preinit_array_start = .)
 *(.preinit_array*)
                0x08002d60                        PROVIDE (__preinit_array_end = .)
                0x08002d60                        . = ALIGN (0x4)

.init_array     0x08002d60        0x4
                0x08002d60                        . = ALIGN (0x4)
                0x08002d60                        PROVIDE (__init_array_start = .)
 *(SORT_BY_NAME(.init_array.*))
 *(.init_array*)
 .init_array    0x08002d60        0x4 C:/ST/STM32CubeIDE_1.19.0/STM32CubeIDE/plugins/com.st.stm32cube.ide.mcu.externaltools.gnu-tools-for-stm32.13.3.rel1.win32_1.0.0.202411081344/tools/bin/../lib/gcc/arm-none-eabi/13.3.1/thumb/v6-m/nofp/crtbegin.o
                0x08002d64                        PROVIDE (__init_array_end = .)
                0x08002d64                        . = ALIGN (0x4)

.fini_array     0x08002d64        0x4
                0x08002d64                        . = ALIGN (0x4)
                [!provide]                        PROVIDE (__fini_array_start = .)
 *(SORT_BY_NAME(.fini_array.*))
 *(.fini_array*)
 .fini_array    0x08002d64        0x4 C:/ST/STM32CubeIDE_1.19.0/STM32CubeIDE/plugins/com.st.stm32cube.ide.mcu.externaltools.gnu-tools-for-stm32.13.3.rel1.win32_1.0.0.202411081344/tools/bin/../lib/gcc/arm-none-eabi/13.3.1/thumb/v6-m/nofp/crtbegin.o
                [!provide]                        PROVIDE (__fini_array_end = .)
                0x08002d68                        . = ALIGN (0x4)
                0x08002d68                        _sidata = LOADADDR (.data)

.rel.dyn        0x08002d68        0x0
 .rel.iplt      0x08002d68        0x0 C:/ST/STM32CubeIDE_1.19.0/STM32CubeIDE/plugins/com.st.stm32cube.ide.mcu.externaltools.gnu-tools-for-stm32.13.3.rel1.win32_1.0.0.202411081344/tools/bin/../lib/gcc/arm-none-eabi/13.3.1/thumb/v6-m/nofp/crtbegin.o

.data           0x20000000        0x4 load address 0x08002d68
                0x20000000                        . = ALIGN (0x4)
                0x20000000                        _sdata = .
 *(.data)
 *(.data*)
 .data.SystemCoreClock
                0x20000000        0x4 ./Core/Src/system_stm32g0xx.o
                0x20000000                SystemCoreClock
 *(.RamFunc)
 *(.RamFunc*)
                0x20000004                        . = ALIGN (0x4)
                0x20000004                        _edata = .

.igot.plt       0x20000004        0x0 load address 0x08002d6c
 .igot.plt      0x20000004        0x0 C:/ST/STM32CubeIDE_1.19.0/STM32CubeIDE/plugins/com.st.stm32cube.ide.mcu.externaltools.gnu-tools-for-stm32.13.3.rel1.win32_1.0.0.202411081344/tools/bin/../lib/gcc/arm-none-eabi/13.3.1/thumb/v6-m/nofp/crtbegin.o
                0x20000004                        . = ALIGN (0x4)

.bss            0x20000004      0x21c load address 0x08002d6c
                0x20000004                        _sbss = .
                0x20000004                        __bss_start__ = _sbss
 *(.bss)
 .bss           0x20000004       0x1c C:/ST/STM32CubeIDE_1.19.0/STM32CubeIDE/plugins/com.st.stm32cube.ide.mcu.externaltools.gnu-tools-for-stm32.13.3.rel1.win32_1.0.0.202411081344/tools/bin/../lib/gcc/arm-none-eabi/13.3.1/thumb/v6-m/nofp/crtbegin.o
 *(.bss*)
 .bss.SSD1306_Buffer
                0x20000020      0x200 ./ssd1306_LL/ssd1306_ll.o
 *(COMMON)
                0x20000220                        . = ALIGN (0x4)
                0x20000220                        _ebss = .
                0x20000220                        __bss_end__ = _ebss

._user_heap_stack
                0x20000220      0x600 load address 0x08002d6c
                0x20000220                        . = ALIGN (0x8)
                [!provide]                        PROVIDE (end = .)
                0x20000220                        PROVIDE (_end = .)
                0x20000420                        . = (. + _Min_Heap_Size)
 *fill*         0x20000220      0x200 
                0x20000820                        . = (. + _Min_Stack_Size)
 *fill*         0x20000420      0x400 
                0x20000820                        . = ALIGN (0x8)

/DISCARD/
 libc.a(*)
 libm.a(*)
 libgcc.a(*)

.ARM.attributes
                0x00000000       0x28
 *(.ARM.attributes)
 .ARM.attributes
                0x00000000       0x1e C:/ST/STM32CubeIDE_1.19.0/STM32CubeIDE/plugins/com.st.stm32cube.ide.mcu.externaltools.gnu-tools-for-stm32.13.3.rel1.win32_1.0.0.202411081344/tools/bin/../lib/gcc/arm-none-eabi/13.3.1/thumb/v6-m/nofp/crti.o
 .ARM.attributes
                0x0000001e       0x2c C:/ST/STM32CubeIDE_1.19.0/STM32CubeIDE/plugins/com.st.stm32cube.ide.mcu.externaltools.gnu-tools-for-stm32.13.3.rel1.win32_1.0.0.202411081344/tools/bin/../lib/gcc/arm-none-eabi/13.3.1/thumb/v6-m/nofp/crtbegin.o
 .ARM.attributes
                0x0000004a       0x2c ./Core/Src/main.o
 .ARM.attributes
                0x00000076       0x2c ./Core/Src/stm32g0xx_it.o
 .ARM.attributes
                0x000000a2       0x2c ./Core/Src/system_stm32g0xx.o
 .ARM.attributes
                0x000000ce       0x22 ./Core/Startup/startup_stm32g030c8tx.o
 .ARM.attributes
                0x000000f0       0x2c ./Drivers/STM32G0xx_HAL_Driver/Src/stm32g0xx_ll_gpio.o
 .ARM.attributes
                0x0000011c       0x2c ./Drivers/STM32G0xx_HAL_Driver/Src/stm32g0xx_ll_i2c.o
 .ARM.attributes
                0x00000148       0x2c ./Drivers/STM32G0xx_HAL_Driver/Src/stm32g0xx_ll_rcc.o
 .ARM.attributes
                0x00000174       0x2c ./Drivers/STM32G0xx_HAL_Driver/Src/stm32g0xx_ll_usart.o
 .ARM.attributes
                0x000001a0       0x2c ./Drivers/STM32G0xx_HAL_Driver/Src/stm32g0xx_ll_utils.o
 .ARM.attributes
                0x000001cc       0x2c ./ssd1306_LL/ssd1306_ll.o
 .ARM.attributes
                0x000001f8       0x2c C:/ST/STM32CubeIDE_1.19.0/STM32CubeIDE/plugins/com.st.stm32cube.ide.mcu.externaltools.gnu-tools-for-stm32.13.3.rel1.win32_1.0.0.202411081344/tools/bin/../lib/gcc/arm-none-eabi/13.3.1/../../../../arm-none-eabi/lib/thumb/v6-m/nofp\libc_nano.a(libc_a-memset.o)
 .ARM.attributes
                0x00000224       0x2c C:/ST/STM32CubeIDE_1.19.0/STM32CubeIDE/plugins/com.st.stm32cube.ide.mcu.externaltools.gnu-tools-for-stm32.13.3.rel1.win32_1.0.0.202411081344/tools/bin/../lib/gcc/arm-none-eabi/13.3.1/../../../../arm-none-eabi/lib/thumb/v6-m/nofp\libc_nano.a(libc_a-init.o)
 .ARM.attributes
                0x00000250       0x1e C:/ST/STM32CubeIDE_1.19.0/STM32CubeIDE/plugins/com.st.stm32cube.ide.mcu.externaltools.gnu-tools-for-stm32.13.3.rel1.win32_1.0.0.202411081344/tools/bin/../lib/gcc/arm-none-eabi/13.3.1/thumb/v6-m/nofp\libgcc.a(_udivsi3.o)
 .ARM.attributes
                0x0000026e       0x1e C:/ST/STM32CubeIDE_1.19.0/STM32CubeIDE/plugins/com.st.stm32cube.ide.mcu.externaltools.gnu-tools-for-stm32.13.3.rel1.win32_1.0.0.202411081344/tools/bin/../lib/gcc/arm-none-eabi/13.3.1/thumb/v6-m/nofp\libgcc.a(_divsi3.o)
 .ARM.attributes
                0x0000028c       0x1e C:/ST/STM32CubeIDE_1.19.0/STM32CubeIDE/plugins/com.st.stm32cube.ide.mcu.externaltools.gnu-tools-for-stm32.13.3.rel1.win32_1.0.0.202411081344/tools/bin/../lib/gcc/arm-none-eabi/13.3.1/thumb/v6-m/nofp\libgcc.a(_dvmd_tls.o)
 .ARM.attributes
                0x000002aa       0x1e C:/ST/STM32CubeIDE_1.19.0/STM32CubeIDE/plugins/com.st.stm32cube.ide.mcu.externaltools.gnu-tools-for-stm32.13.3.rel1.win32_1.0.0.202411081344/tools/bin/../lib/gcc/arm-none-eabi/13.3.1/thumb/v6-m/nofp/crtn.o
OUTPUT(DEM_BOOTLOADER_STM.elf elf32-littlearm)
LOAD linker stubs
LOAD C:/ST/STM32CubeIDE_1.19.0/STM32CubeIDE/plugins/com.st.stm32cube.ide.mcu.externaltools.gnu-tools-for-stm32.13.3.rel1.win32_1.0.0.202411081344/tools/bin/../lib/gcc/arm-none-eabi/13.3.1/../../../../arm-none-eabi/lib/thumb/v6-m/nofp\libc.a
LOAD C:/ST/STM32CubeIDE_1.19.0/STM32CubeIDE/plugins/com.st.stm32cube.ide.mcu.externaltools.gnu-tools-for-stm32.13.3.rel1.win32_1.0.0.202411081344/tools/bin/../lib/gcc/arm-none-eabi/13.3.1/../../../../arm-none-eabi/lib/thumb/v6-m/nofp\libm.a
LOAD C:/ST/STM32CubeIDE_1.19.0/STM32CubeIDE/plugins/com.st.stm32cube.ide.mcu.externaltools.gnu-tools-for-stm32.13.3.rel1.win32_1.0.0.202411081344/tools/bin/../lib/gcc/arm-none-eabi/13.3.1/thumb/v6-m/nofp\libgcc.a

.debug_info     0x00000000     0x4960
 .debug_info    0x00000000     0x1cff ./Core/Src/main.o
 .debug_info    0x00001cff      0x159 ./Core/Src/stm32g0xx_it.o
 .debug_info    0x00001e58      0x2c1 ./Core/Src/system_stm32g0xx.o
 .debug_info    0x00002119       0x30 ./Core/Startup/startup_stm32g030c8tx.o
 .debug_info    0x00002149      0x594 ./Drivers/STM32G0xx_HAL_Driver/Src/stm32g0xx_ll_gpio.o
 .debug_info    0x000026dd      0x5b7 ./Drivers/STM32G0xx_HAL_Driver/Src/stm32g0xx_ll_i2c.o
 .debug_info    0x00002c94      0x719 ./Drivers/STM32G0xx_HAL_Driver/Src/stm32g0xx_ll_rcc.o
 .debug_info    0x000033ad      0x764 ./Drivers/STM32G0xx_HAL_Driver/Src/stm32g0xx_ll_usart.o
 .debug_info    0x00003b11      0x86f ./Drivers/STM32G0xx_HAL_Driver/Src/stm32g0xx_ll_utils.o
 .debug_info    0x00004380      0x5e0 ./ssd1306_LL/ssd1306_ll.o

.debug_abbrev   0x00000000     0x11fb
 .debug_abbrev  0x00000000      0x47a ./Core/Src/main.o
 .debug_abbrev  0x0000047a       0x80 ./Core/Src/stm32g0xx_it.o
 .debug_abbrev  0x000004fa      0x11b ./Core/Src/system_stm32g0xx.o
 .debug_abbrev  0x00000615       0x24 ./Core/Startup/startup_stm32g030c8tx.o
 .debug_abbrev  0x00000639      0x1a7 ./Drivers/STM32G0xx_HAL_Driver/Src/stm32g0xx_ll_gpio.o
 .debug_abbrev  0x000007e0      0x178 ./Drivers/STM32G0xx_HAL_Driver/Src/stm32g0xx_ll_i2c.o
 .debug_abbrev  0x00000958      0x228 ./Drivers/STM32G0xx_HAL_Driver/Src/stm32g0xx_ll_rcc.o
 .debug_abbrev  0x00000b80      0x208 ./Drivers/STM32G0xx_HAL_Driver/Src/stm32g0xx_ll_usart.o
 .debug_abbrev  0x00000d88      0x239 ./Drivers/STM32G0xx_HAL_Driver/Src/stm32g0xx_ll_utils.o
 .debug_abbrev  0x00000fc1      0x23a ./ssd1306_LL/ssd1306_ll.o

.debug_aranges  0x00000000      0x6c8
 .debug_aranges
                0x00000000      0x210 ./Core/Src/main.o
 .debug_aranges
                0x00000210       0x48 ./Core/Src/stm32g0xx_it.o
 .debug_aranges
                0x00000258       0x28 ./Core/Src/system_stm32g0xx.o
 .debug_aranges
                0x00000280       0x28 ./Core/Startup/startup_stm32g030c8tx.o
 .debug_aranges
                0x000002a8       0x70 ./Drivers/STM32G0xx_HAL_Driver/Src/stm32g0xx_ll_gpio.o
 .debug_aranges
                0x00000318       0x88 ./Drivers/STM32G0xx_HAL_Driver/Src/stm32g0xx_ll_i2c.o
 .debug_aranges
                0x000003a0      0x130 ./Drivers/STM32G0xx_HAL_Driver/Src/stm32g0xx_ll_rcc.o
 .debug_aranges
                0x000004d0       0x88 ./Drivers/STM32G0xx_HAL_Driver/Src/stm32g0xx_ll_usart.o
 .debug_aranges
                0x00000558       0xe8 ./Drivers/STM32G0xx_HAL_Driver/Src/stm32g0xx_ll_utils.o
 .debug_aranges
                0x00000640       0x88 ./ssd1306_LL/ssd1306_ll.o

.debug_rnglists
                0x00000000      0x521
 .debug_rnglists
                0x00000000      0x1b3 ./Core/Src/main.o
 .debug_rnglists
                0x000001b3       0x31 ./Core/Src/stm32g0xx_it.o
 .debug_rnglists
                0x000001e4       0x1a ./Core/Src/system_stm32g0xx.o
 .debug_rnglists
                0x000001fe       0x19 ./Core/Startup/startup_stm32g030c8tx.o
 .debug_rnglists
                0x00000217       0x51 ./Drivers/STM32G0xx_HAL_Driver/Src/stm32g0xx_ll_gpio.o
 .debug_rnglists
                0x00000268       0x62 ./Drivers/STM32G0xx_HAL_Driver/Src/stm32g0xx_ll_i2c.o
 .debug_rnglists
                0x000002ca       0xe1 ./Drivers/STM32G0xx_HAL_Driver/Src/stm32g0xx_ll_rcc.o
 .debug_rnglists
                0x000003ab       0x63 ./Drivers/STM32G0xx_HAL_Driver/Src/stm32g0xx_ll_usart.o
 .debug_rnglists
                0x0000040e       0xad ./Drivers/STM32G0xx_HAL_Driver/Src/stm32g0xx_ll_utils.o
 .debug_rnglists
                0x000004bb       0x66 ./ssd1306_LL/ssd1306_ll.o

.debug_macro    0x00000000     0xf234
 .debug_macro   0x00000000      0x2e5 ./Core/Src/main.o
 .debug_macro   0x000002e5      0xaf0 ./Core/Src/main.o
 .debug_macro   0x00000dd5       0x2e ./Core/Src/main.o
 .debug_macro   0x00000e03       0x28 ./Core/Src/main.o
 .debug_macro   0x00000e2b       0x22 ./Core/Src/main.o
 .debug_macro   0x00000e4d       0x8e ./Core/Src/main.o
 .debug_macro   0x00000edb       0x51 ./Core/Src/main.o
 .debug_macro   0x00000f2c      0x103 ./Core/Src/main.o
 .debug_macro   0x0000102f       0x6a ./Core/Src/main.o
 .debug_macro   0x00001099      0x1df ./Core/Src/main.o
 .debug_macro   0x00001278       0x1c ./Core/Src/main.o
 .debug_macro   0x00001294       0x22 ./Core/Src/main.o
 .debug_macro   0x000012b6       0xd1 ./Core/Src/main.o
 .debug_macro   0x00001387      0x4da ./Core/Src/main.o
 .debug_macro   0x00001861      0x11f ./Core/Src/main.o
 .debug_macro   0x00001980     0xa0e8 ./Core/Src/main.o
 .debug_macro   0x0000ba68       0x66 ./Core/Src/main.o
 .debug_macro   0x0000bace      0x247 ./Core/Src/main.o
 .debug_macro   0x0000bd15      0x46a ./Core/Src/main.o
 .debug_macro   0x0000c17f       0xd3 ./Core/Src/main.o
 .debug_macro   0x0000c252      0x12c ./Core/Src/main.o
 .debug_macro   0x0000c37e      0x177 ./Core/Src/main.o
 .debug_macro   0x0000c4f5      0x174 ./Core/Src/main.o
 .debug_macro   0x0000c669       0x5a ./Core/Src/main.o
 .debug_macro   0x0000c6c3      0x159 ./Core/Src/main.o
 .debug_macro   0x0000c81c      0x33c ./Core/Src/main.o
 .debug_macro   0x0000cb58      0x209 ./Core/Src/main.o
 .debug_macro   0x0000cd61      0x40f ./Core/Src/main.o
 .debug_macro   0x0000d170      0x131 ./Core/Src/main.o
 .debug_macro   0x0000d2a1       0x22 ./Core/Src/main.o
 .debug_macro   0x0000d2c3       0x22 ./Core/Src/main.o
 .debug_macro   0x0000d2e5       0x61 ./Core/Src/main.o
 .debug_macro   0x0000d346       0x24 ./Core/Src/main.o
 .debug_macro   0x0000d36a       0x43 ./Core/Src/main.o
 .debug_macro   0x0000d3ad       0x34 ./Core/Src/main.o
 .debug_macro   0x0000d3e1      0x190 ./Core/Src/main.o
 .debug_macro   0x0000d571      0x370 ./Core/Src/main.o
 .debug_macro   0x0000d8e1       0x16 ./Core/Src/main.o
 .debug_macro   0x0000d8f7       0x4a ./Core/Src/main.o
 .debug_macro   0x0000d941       0x34 ./Core/Src/main.o
 .debug_macro   0x0000d975       0x10 ./Core/Src/main.o
 .debug_macro   0x0000d985       0x58 ./Core/Src/main.o
 .debug_macro   0x0000d9dd       0x8e ./Core/Src/main.o
 .debug_macro   0x0000da6b       0x1c ./Core/Src/main.o
 .debug_macro   0x0000da87      0x185 ./Core/Src/main.o
 .debug_macro   0x0000dc0c       0x10 ./Core/Src/main.o
 .debug_macro   0x0000dc1c       0x3c ./Core/Src/main.o
 .debug_macro   0x0000dc58       0x20 ./Core/Src/main.o
 .debug_macro   0x0000dc78       0x1c ./Core/Src/main.o
 .debug_macro   0x0000dc94       0x10 ./Core/Src/main.o
 .debug_macro   0x0000dca4       0x1c ./Core/Src/main.o
 .debug_macro   0x0000dcc0       0x16 ./Core/Src/main.o
 .debug_macro   0x0000dcd6      0x146 ./Core/Src/main.o
 .debug_macro   0x0000de1c       0x2e ./Core/Src/main.o
 .debug_macro   0x0000de4a      0x14f ./Core/Src/stm32g0xx_it.o
 .debug_macro   0x0000df99       0xc3 ./Core/Src/system_stm32g0xx.o
 .debug_macro   0x0000e05c      0x105 ./Drivers/STM32G0xx_HAL_Driver/Src/stm32g0xx_ll_gpio.o
 .debug_macro   0x0000e161      0x12b ./Drivers/STM32G0xx_HAL_Driver/Src/stm32g0xx_ll_gpio.o
 .debug_macro   0x0000e28c      0x105 ./Drivers/STM32G0xx_HAL_Driver/Src/stm32g0xx_ll_i2c.o
 .debug_macro   0x0000e391       0xf0 ./Drivers/STM32G0xx_HAL_Driver/Src/stm32g0xx_ll_rcc.o
 .debug_macro   0x0000e481      0x464 ./Drivers/STM32G0xx_HAL_Driver/Src/stm32g0xx_ll_rcc.o
 .debug_macro   0x0000e8e5      0x13e ./Drivers/STM32G0xx_HAL_Driver/Src/stm32g0xx_ll_usart.o
 .debug_macro   0x0000ea23      0x409 ./Drivers/STM32G0xx_HAL_Driver/Src/stm32g0xx_ll_usart.o
 .debug_macro   0x0000ee2c      0x171 ./Drivers/STM32G0xx_HAL_Driver/Src/stm32g0xx_ll_utils.o
 .debug_macro   0x0000ef9d       0x54 ./Drivers/STM32G0xx_HAL_Driver/Src/stm32g0xx_ll_utils.o
 .debug_macro   0x0000eff1      0x227 ./ssd1306_LL/ssd1306_ll.o
 .debug_macro   0x0000f218       0x1c ./ssd1306_LL/ssd1306_ll.o

.debug_line     0x00000000     0x59e7
 .debug_line    0x00000000     0x180b ./Core/Src/main.o
 .debug_line    0x0000180b      0x6a6 ./Core/Src/stm32g0xx_it.o
 .debug_line    0x00001eb1      0x567 ./Core/Src/system_stm32g0xx.o
 .debug_line    0x00002418       0x7b ./Core/Startup/startup_stm32g030c8tx.o
 .debug_line    0x00002493      0x6d8 ./Drivers/STM32G0xx_HAL_Driver/Src/stm32g0xx_ll_gpio.o
 .debug_line    0x00002b6b      0x6ef ./Drivers/STM32G0xx_HAL_Driver/Src/stm32g0xx_ll_i2c.o
 .debug_line    0x0000325a      0xb79 ./Drivers/STM32G0xx_HAL_Driver/Src/stm32g0xx_ll_rcc.o
 .debug_line    0x00003dd3      0x778 ./Drivers/STM32G0xx_HAL_Driver/Src/stm32g0xx_ll_usart.o
 .debug_line    0x0000454b      0x997 ./Drivers/STM32G0xx_HAL_Driver/Src/stm32g0xx_ll_utils.o
 .debug_line    0x00004ee2      0xb05 ./ssd1306_LL/ssd1306_ll.o

.debug_str      0x00000000    0x51ca9
 .debug_str     0x00000000    0x51ca9 ./Core/Src/main.o
                              0x4f87f (size before relaxing)
 .debug_str     0x00051ca9    0x4ac32 ./Core/Src/stm32g0xx_it.o
 .debug_str     0x00051ca9    0x40811 ./Core/Src/system_stm32g0xx.o
 .debug_str     0x00051ca9       0x75 ./Core/Startup/startup_stm32g030c8tx.o
 .debug_str     0x00051ca9    0x419df ./Drivers/STM32G0xx_HAL_Driver/Src/stm32g0xx_ll_gpio.o
 .debug_str     0x00051ca9    0x42157 ./Drivers/STM32G0xx_HAL_Driver/Src/stm32g0xx_ll_i2c.o
 .debug_str     0x00051ca9    0x4304a ./Drivers/STM32G0xx_HAL_Driver/Src/stm32g0xx_ll_rcc.o
 .debug_str     0x00051ca9    0x45582 ./Drivers/STM32G0xx_HAL_Driver/Src/stm32g0xx_ll_usart.o
 .debug_str     0x00051ca9    0x44a37 ./Drivers/STM32G0xx_HAL_Driver/Src/stm32g0xx_ll_utils.o
 .debug_str     0x00051ca9    0x4e36f ./ssd1306_LL/ssd1306_ll.o

.comment        0x00000000       0x43
 .comment       0x00000000       0x43 ./Core/Src/main.o
                                 0x44 (size before relaxing)
 .comment       0x00000043       0x44 ./Core/Src/stm32g0xx_it.o
 .comment       0x00000043       0x44 ./Core/Src/system_stm32g0xx.o
 .comment       0x00000043       0x44 ./Drivers/STM32G0xx_HAL_Driver/Src/stm32g0xx_ll_gpio.o
 .comment       0x00000043       0x44 ./Drivers/STM32G0xx_HAL_Driver/Src/stm32g0xx_ll_i2c.o
 .comment       0x00000043       0x44 ./Drivers/STM32G0xx_HAL_Driver/Src/stm32g0xx_ll_rcc.o
 .comment       0x00000043       0x44 ./Drivers/STM32G0xx_HAL_Driver/Src/stm32g0xx_ll_usart.o
 .comment       0x00000043       0x44 ./Drivers/STM32G0xx_HAL_Driver/Src/stm32g0xx_ll_utils.o
 .comment       0x00000043       0x44 ./ssd1306_LL/ssd1306_ll.o

.debug_frame    0x00000000     0x177c
 .debug_frame   0x00000000      0x7c8 ./Core/Src/main.o
 .debug_frame   0x000007c8       0xb8 ./Core/Src/stm32g0xx_it.o
 .debug_frame   0x00000880       0x4c ./Core/Src/system_stm32g0xx.o
 .debug_frame   0x000008cc      0x170 ./Drivers/STM32G0xx_HAL_Driver/Src/stm32g0xx_ll_gpio.o
 .debug_frame   0x00000a3c      0x1d0 ./Drivers/STM32G0xx_HAL_Driver/Src/stm32g0xx_ll_i2c.o
 .debug_frame   0x00000c0c      0x428 ./Drivers/STM32G0xx_HAL_Driver/Src/stm32g0xx_ll_rcc.o
 .debug_frame   0x00001034      0x1d0 ./Drivers/STM32G0xx_HAL_Driver/Src/stm32g0xx_ll_usart.o
 .debug_frame   0x00001204      0x324 ./Drivers/STM32G0xx_HAL_Driver/Src/stm32g0xx_ll_utils.o
 .debug_frame   0x00001528      0x1c8 ./ssd1306_LL/ssd1306_ll.o
 .debug_frame   0x000016f0       0x20 C:/ST/STM32CubeIDE_1.19.0/STM32CubeIDE/plugins/com.st.stm32cube.ide.mcu.externaltools.gnu-tools-for-stm32.13.3.rel1.win32_1.0.0.202411081344/tools/bin/../lib/gcc/arm-none-eabi/13.3.1/../../../../arm-none-eabi/lib/thumb/v6-m/nofp\libc_nano.a(libc_a-memset.o)
 .debug_frame   0x00001710       0x2c C:/ST/STM32CubeIDE_1.19.0/STM32CubeIDE/plugins/com.st.stm32cube.ide.mcu.externaltools.gnu-tools-for-stm32.13.3.rel1.win32_1.0.0.202411081344/tools/bin/../lib/gcc/arm-none-eabi/13.3.1/../../../../arm-none-eabi/lib/thumb/v6-m/nofp\libc_nano.a(libc_a-init.o)
 .debug_frame   0x0000173c       0x20 C:/ST/STM32CubeIDE_1.19.0/STM32CubeIDE/plugins/com.st.stm32cube.ide.mcu.externaltools.gnu-tools-for-stm32.13.3.rel1.win32_1.0.0.202411081344/tools/bin/../lib/gcc/arm-none-eabi/13.3.1/thumb/v6-m/nofp\libgcc.a(_udivsi3.o)
 .debug_frame   0x0000175c       0x20 C:/ST/STM32CubeIDE_1.19.0/STM32CubeIDE/plugins/com.st.stm32cube.ide.mcu.externaltools.gnu-tools-for-stm32.13.3.rel1.win32_1.0.0.202411081344/tools/bin/../lib/gcc/arm-none-eabi/13.3.1/thumb/v6-m/nofp\libgcc.a(_divsi3.o)

.debug_line_str
                0x00000000       0x59
 .debug_line_str
                0x00000000       0x59 ./Core/Startup/startup_stm32g030c8tx.o
