../Drivers/CMSIS/Include/core_cm0plus.h:741:22:__NVIC_EnableIRQ	16	static,ignoring_inline_asm
../Drivers/CMSIS/Include/core_cm0plus.h:850:22:__NVIC_SetPriority	24	static
../Drivers/STM32G0xx_HAL_Driver/Inc/stm32g0xx_ll_rcc.h:1347:22:LL_RCC_HSI_Enable	8	static
../Drivers/STM32G0xx_HAL_Driver/Inc/stm32g0xx_ll_rcc.h:1367:26:LL_RCC_HSI_IsReady	8	static
../Drivers/STM32G0xx_HAL_Driver/Inc/stm32g0xx_ll_rcc.h:1688:22:LL_RCC_SetSysClkSource	16	static
../Drivers/STM32G0xx_HAL_Driver/Inc/stm32g0xx_ll_rcc.h:1703:26:LL_RCC_GetSysClkSource	8	static
../Drivers/STM32G0xx_HAL_Driver/Inc/stm32g0xx_ll_rcc.h:1723:22:LL_RCC_SetAHBPrescaler	16	static
../Drivers/STM32G0xx_HAL_Driver/Inc/stm32g0xx_ll_rcc.h:1739:22:LL_RCC_SetAPB1Prescaler	16	static
../Drivers/STM32G0xx_HAL_Driver/Inc/stm32g0xx_ll_rcc.h:1935:22:LL_RCC_SetUSARTClockSource	16	static
../Drivers/STM32G0xx_HAL_Driver/Inc/stm32g0xx_ll_rcc.h:2512:22:LL_RCC_PLL_Enable	8	static
../Drivers/STM32G0xx_HAL_Driver/Inc/stm32g0xx_ll_rcc.h:2533:26:LL_RCC_PLL_IsReady	8	static
../Drivers/STM32G0xx_HAL_Driver/Inc/stm32g0xx_ll_rcc.h:2570:22:LL_RCC_PLL_ConfigDomain_SYS	24	static
../Drivers/STM32G0xx_HAL_Driver/Inc/stm32g0xx_ll_rcc.h:3437:22:LL_RCC_PLL_EnableDomain_SYS	8	static
../Drivers/STM32G0xx_HAL_Driver/Inc/stm32g0xx_ll_bus.h:467:22:LL_APB1_GRP1_EnableClock	24	static
../Drivers/STM32G0xx_HAL_Driver/Inc/stm32g0xx_ll_bus.h:921:22:LL_APB2_GRP1_EnableClock	24	static
../Drivers/STM32G0xx_HAL_Driver/Inc/stm32g0xx_ll_bus.h:1135:22:LL_IOP_GRP1_EnableClock	24	static
../Drivers/STM32G0xx_HAL_Driver/Inc/stm32g0xx_ll_system.h:1972:22:LL_FLASH_SetLatency	16	static
../Drivers/STM32G0xx_HAL_Driver/Inc/stm32g0xx_ll_system.h:1985:26:LL_FLASH_GetLatency	8	static
../Drivers/STM32G0xx_HAL_Driver/Inc/stm32g0xx_ll_usart.h:634:22:LL_USART_Enable	16	static
../Drivers/STM32G0xx_HAL_Driver/Inc/stm32g0xx_ll_usart.h:685:22:LL_USART_DisableFIFO	16	static
../Drivers/STM32G0xx_HAL_Driver/Inc/stm32g0xx_ll_usart.h:718:22:LL_USART_SetTXFIFOThreshold	32	static,ignoring_inline_asm
../Drivers/STM32G0xx_HAL_Driver/Inc/stm32g0xx_ll_usart.h:757:22:LL_USART_SetRXFIFOThreshold	32	static,ignoring_inline_asm
../Drivers/STM32G0xx_HAL_Driver/Inc/stm32g0xx_ll_usart.h:2673:22:LL_USART_ConfigAsyncMode	16	static
../Drivers/STM32G0xx_HAL_Driver/Inc/stm32g0xx_ll_usart.h:3193:26:LL_USART_IsActiveFlag_TEACK	16	static
../Drivers/STM32G0xx_HAL_Driver/Inc/stm32g0xx_ll_usart.h:3204:26:LL_USART_IsActiveFlag_REACK	16	static
../Drivers/STM32G0xx_HAL_Driver/Inc/stm32g0xx_ll_gpio.h:886:22:LL_GPIO_ResetOutputPin	16	static
../Drivers/STM32G0xx_HAL_Driver/Inc/stm32g0xx_ll_gpio.h:915:22:LL_GPIO_TogglePin	24	static
../Core/Src/main.c:66:5:main	8	static,ignoring_inline_asm
../Core/Src/main.c:127:6:SystemClock_Config	8	static
../Core/Src/main.c:171:13:MX_USART1_UART_Init	72	static
../Core/Src/main.c:246:13:MX_USART2_UART_Init	72	static
../Core/Src/main.c:320:13:MX_GPIO_Init	32	static
../Core/Src/main.c:378:6:Error_Handler	8	static,ignoring_inline_asm
