../Drivers/CMSIS/Include/core_cm0plus.h:741:22:__NVIC_EnableIRQ	16	static,ignoring_inline_asm
../Drivers/CMSIS/Include/core_cm0plus.h:850:22:__NVIC_SetPriority	24	static
../Drivers/CMSIS/Include/core_cm0plus.h:985:34:__NVIC_SystemReset	8	static,ignoring_inline_asm
../Drivers/STM32G0xx_HAL_Driver/Inc/stm32g0xx_ll_i2c.h:644:22:LL_I2C_EnableClockStretching	16	static
../Drivers/STM32G0xx_HAL_Driver/Inc/stm32g0xx_ll_i2c.h:764:22:LL_I2C_DisableGeneralCall	16	static
../Drivers/STM32G0xx_HAL_Driver/Inc/stm32g0xx_ll_i2c.h:875:22:LL_I2C_SetOwnAddress2	24	static
../Drivers/STM32G0xx_HAL_Driver/Inc/stm32g0xx_ll_i2c.h:897:22:LL_I2C_DisableOwnAddress2	16	static
../Drivers/STM32G0xx_HAL_Driver/Inc/stm32g0xx_ll_i2c.h:1879:22:LL_I2C_EnableAutoEndMode	16	static
../Drivers/STM32G0xx_HAL_Driver/Inc/stm32g0xx_ll_rcc.h:1347:22:LL_RCC_HSI_Enable	8	static
../Drivers/STM32G0xx_HAL_Driver/Inc/stm32g0xx_ll_rcc.h:1367:26:LL_RCC_HSI_IsReady	8	static
../Drivers/STM32G0xx_HAL_Driver/Inc/stm32g0xx_ll_rcc.h:1688:22:LL_RCC_SetSysClkSource	16	static
../Drivers/STM32G0xx_HAL_Driver/Inc/stm32g0xx_ll_rcc.h:1703:26:LL_RCC_GetSysClkSource	8	static
../Drivers/STM32G0xx_HAL_Driver/Inc/stm32g0xx_ll_rcc.h:1723:22:LL_RCC_SetAHBPrescaler	16	static
../Drivers/STM32G0xx_HAL_Driver/Inc/stm32g0xx_ll_rcc.h:1739:22:LL_RCC_SetAPB1Prescaler	16	static
../Drivers/STM32G0xx_HAL_Driver/Inc/stm32g0xx_ll_rcc.h:1935:22:LL_RCC_SetUSARTClockSource	16	static
../Drivers/STM32G0xx_HAL_Driver/Inc/stm32g0xx_ll_rcc.h:1976:22:LL_RCC_SetI2CClockSource	16	static
../Drivers/STM32G0xx_HAL_Driver/Inc/stm32g0xx_ll_rcc.h:2512:22:LL_RCC_PLL_Enable	8	static
../Drivers/STM32G0xx_HAL_Driver/Inc/stm32g0xx_ll_rcc.h:2533:26:LL_RCC_PLL_IsReady	8	static
../Drivers/STM32G0xx_HAL_Driver/Inc/stm32g0xx_ll_rcc.h:2570:22:LL_RCC_PLL_ConfigDomain_SYS	24	static
../Drivers/STM32G0xx_HAL_Driver/Inc/stm32g0xx_ll_rcc.h:3437:22:LL_RCC_PLL_EnableDomain_SYS	8	static
../Drivers/STM32G0xx_HAL_Driver/Inc/stm32g0xx_ll_bus.h:467:22:LL_APB1_GRP1_EnableClock	24	static
../Drivers/STM32G0xx_HAL_Driver/Inc/stm32g0xx_ll_bus.h:921:22:LL_APB2_GRP1_EnableClock	24	static
../Drivers/STM32G0xx_HAL_Driver/Inc/stm32g0xx_ll_bus.h:1135:22:LL_IOP_GRP1_EnableClock	24	static
../Drivers/STM32G0xx_HAL_Driver/Inc/stm32g0xx_ll_system.h:1972:22:LL_FLASH_SetLatency	16	static
../Drivers/STM32G0xx_HAL_Driver/Inc/stm32g0xx_ll_system.h:1985:26:LL_FLASH_GetLatency	8	static
../Drivers/STM32G0xx_HAL_Driver/Inc/stm32g0xx_ll_usart.h:634:22:LL_USART_Enable	16	static
../Drivers/STM32G0xx_HAL_Driver/Inc/stm32g0xx_ll_usart.h:685:22:LL_USART_DisableFIFO	16	static
../Drivers/STM32G0xx_HAL_Driver/Inc/stm32g0xx_ll_usart.h:718:22:LL_USART_SetTXFIFOThreshold	32	static,ignoring_inline_asm
../Drivers/STM32G0xx_HAL_Driver/Inc/stm32g0xx_ll_usart.h:757:22:LL_USART_SetRXFIFOThreshold	32	static,ignoring_inline_asm
../Drivers/STM32G0xx_HAL_Driver/Inc/stm32g0xx_ll_usart.h:2673:22:LL_USART_ConfigAsyncMode	16	static
../Drivers/STM32G0xx_HAL_Driver/Inc/stm32g0xx_ll_usart.h:2997:26:LL_USART_IsActiveFlag_RXNE_RXFNE	16	static
../Drivers/STM32G0xx_HAL_Driver/Inc/stm32g0xx_ll_usart.h:3008:26:LL_USART_IsActiveFlag_TC	16	static
../Drivers/STM32G0xx_HAL_Driver/Inc/stm32g0xx_ll_usart.h:3193:26:LL_USART_IsActiveFlag_TEACK	16	static
../Drivers/STM32G0xx_HAL_Driver/Inc/stm32g0xx_ll_usart.h:3204:26:LL_USART_IsActiveFlag_REACK	16	static
../Drivers/STM32G0xx_HAL_Driver/Inc/stm32g0xx_ll_usart.h:4251:25:LL_USART_ReceiveData8	16	static
../Drivers/STM32G0xx_HAL_Driver/Inc/stm32g0xx_ll_usart.h:4274:22:LL_USART_TransmitData8	16	static
../Drivers/STM32G0xx_HAL_Driver/Inc/stm32g0xx_ll_gpio.h:857:22:LL_GPIO_SetOutputPin	16	static
../Drivers/STM32G0xx_HAL_Driver/Inc/stm32g0xx_ll_gpio.h:886:22:LL_GPIO_ResetOutputPin	16	static
../Drivers/STM32G0xx_HAL_Driver/Inc/stm32g0xx_ll_gpio.h:915:22:LL_GPIO_TogglePin	24	static
../Core/Src/main.c:126:5:main	40	static
../Core/Src/main.c:260:6:SystemClock_Config	8	static
../Core/Src/main.c:300:13:MX_I2C1_Init	72	static
../Core/Src/main.c:366:13:MX_USART1_UART_Init	72	static
../Core/Src/main.c:440:13:MX_USART2_UART_Init	72	static
../Core/Src/main.c:513:13:MX_GPIO_Init	32	static
../Core/Src/main.c:572:6:BL_ListenForUpdate	16	static
../Core/Src/main.c:604:6:BL_ProcessSecureCommands	168	static
../Core/Src/main.c:713:6:BL_UI_UpdateStatus	16	static
../Core/Src/main.c:729:6:BL_JumpToApplication	40	static,ignoring_inline_asm
../Core/Src/main.c:777:6:BL_Flash_Unlock	8	static
../Core/Src/main.c:784:6:BL_Flash_Lock	8	static
../Core/Src/main.c:788:6:BL_Flash_EraseRange	32	static,ignoring_inline_asm
../Core/Src/main.c:844:6:BL_Flash_ErasePage	24	static,ignoring_inline_asm
../Core/Src/main.c:886:9:BL_Flash_Write	40	static,ignoring_inline_asm
../Core/Src/main.c:922:6:BL_Security_VerifyVersion	24	static
../Core/Src/main.c:933:9:BL_UART_ReceiveByte	8	static
../Core/Src/main.c:938:6:BL_UART_ReceiveArray	32	static
../Core/Src/main.c:944:6:BL_UART_SendByte	16	static
../Core/Src/main.c:952:6:BL_Firmware_Activate	48	static
../Core/Src/main.c:1059:6:BL_Security_DecryptPacket	288	static
../Core/Src/main.c:1084:6:BL_Security_VerifySignature	168	static
../Core/Src/main.c:1100:10:BL_CalculateCRC32_Soft	32	static
../Core/Src/main.c:1123:6:Error_Handler	8	static,ignoring_inline_asm
